
Memory Configuration

Name             Origin             Length             Attributes
*default*        0x0000000000000000 0xffffffffffffffff

Linker script and memory map

LOAD /tmp/cca6Hy82.o
LOAD /tmp/ccJScdD6.o
LOAD /tmp/cck2rycJ.o
LOAD /tmp/ccIDNDwS.o

.memory         0x0000000000000000      0x2bc
                0x0000000000000000                . = 0x0
 *(.init)
 .init          0x0000000000000000        0x4 /tmp/cca6Hy82.o
 *(.text)
 .text          0x0000000000000004        0x0 /tmp/cca6Hy82.o
 .text          0x0000000000000004       0x34 /tmp/ccJScdD6.o
                0x0000000000000004                wb_read_reg
                0x000000000000000c                wb_write_reg
                0x0000000000000014                wb_wait
 .text          0x0000000000000038      0x11c /tmp/cck2rycJ.o
                0x0000000000000038                leds_turn_on
                0x000000000000007c                leds_turn_off
                0x00000000000000bc                leds_train
 .text          0x0000000000000154       0x70 /tmp/ccIDNDwS.o
                0x0000000000000154                lcd_write
                0x00000000000001b8                lcd_hello
 *(*)
 .data          0x00000000000001c4        0x0 /tmp/cca6Hy82.o
 .bss           0x00000000000001c4        0x0 /tmp/cca6Hy82.o
 .text.startup  0x00000000000001c4       0x44 /tmp/cca6Hy82.o
                0x00000000000001c4                main
 .comment       0x0000000000000208       0x12 /tmp/cca6Hy82.o
                                         0x13 (size before relaxing)
 .riscv.attributes
                0x000000000000021a       0x21 /tmp/cca6Hy82.o
 .data          0x000000000000023b        0x0 /tmp/ccJScdD6.o
 .bss           0x000000000000023b        0x0 /tmp/ccJScdD6.o
 .comment       0x000000000000023b       0x13 /tmp/ccJScdD6.o
 .riscv.attributes
                0x000000000000023b       0x21 /tmp/ccJScdD6.o
 .data          0x000000000000025c        0x0 /tmp/cck2rycJ.o
 .bss           0x000000000000025c        0x0 /tmp/cck2rycJ.o
 .comment       0x000000000000025c       0x13 /tmp/cck2rycJ.o
 .riscv.attributes
                0x000000000000025c       0x21 /tmp/cck2rycJ.o
 .data          0x000000000000027d        0x0 /tmp/ccIDNDwS.o
 .bss           0x000000000000027d        0x0 /tmp/ccIDNDwS.o
 *fill*         0x000000000000027d        0x3 
 .rodata.str1.4
                0x0000000000000280       0x18 /tmp/ccIDNDwS.o
 .comment       0x0000000000000298       0x13 /tmp/ccIDNDwS.o
 .riscv.attributes
                0x0000000000000298       0x21 /tmp/ccIDNDwS.o
                0x00000000000002bc                . = ALIGN (0x4)
 *fill*         0x00000000000002b9        0x3 
                0x00000000000002bc                end = .
LOAD /opt/riscv/bin/../lib/gcc/riscv32-unknown-elf/10.2.0/libgcc.a
OUTPUT(main.elf elf32-littleriscv)
