
Memory Configuration

Name             Origin             Length             Attributes
*default*        0x0000000000000000 0xffffffffffffffff

Linker script and memory map

LOAD /tmp/ccTXGxtx.o
LOAD /tmp/ccqvzHw2.o
LOAD /tmp/ccSDMKn3.o
LOAD /tmp/cccSGR20.o

.memory         0x0000000000000000      0x280
                0x0000000000000000                . = 0x0
 *(.init)
 .init          0x0000000000000000        0x0 /tmp/ccTXGxtx.o
 *(.text)
 .text          0x0000000000000000        0x0 /tmp/ccTXGxtx.o
 .text          0x0000000000000000       0x14 /tmp/ccqvzHw2.o
                0x0000000000000000                wb_read_reg
                0x0000000000000008                wb_write_reg
                0x0000000000000010                wb_wait
 .text          0x0000000000000014      0x11c /tmp/ccSDMKn3.o
                0x0000000000000014                leds_turn_on
                0x0000000000000058                leds_turn_off
                0x0000000000000098                leds_train
 .text          0x0000000000000130       0x70 /tmp/cccSGR20.o
                0x0000000000000130                lcd_write
                0x0000000000000194                lcd_hello
 *(*)
 .data          0x00000000000001a0        0x0 /tmp/ccTXGxtx.o
 .bss           0x00000000000001a0        0x0 /tmp/ccTXGxtx.o
 .text.startup  0x00000000000001a0       0x44 /tmp/ccTXGxtx.o
                0x00000000000001a0                main
 .comment       0x00000000000001e4       0x12 /tmp/ccTXGxtx.o
                                         0x13 (size before relaxing)
 .riscv.attributes
                0x00000000000001f6       0x1c /tmp/ccTXGxtx.o
 .data          0x0000000000000212        0x0 /tmp/ccqvzHw2.o
 .bss           0x0000000000000212        0x0 /tmp/ccqvzHw2.o
 .comment       0x0000000000000212       0x13 /tmp/ccqvzHw2.o
 .riscv.attributes
                0x0000000000000212       0x1c /tmp/ccqvzHw2.o
 .data          0x000000000000022e        0x0 /tmp/ccSDMKn3.o
 .bss           0x000000000000022e        0x0 /tmp/ccSDMKn3.o
 .comment       0x000000000000022e       0x13 /tmp/ccSDMKn3.o
 .riscv.attributes
                0x000000000000022e       0x1c /tmp/ccSDMKn3.o
 .data          0x000000000000024a        0x0 /tmp/cccSGR20.o
 .bss           0x000000000000024a        0x0 /tmp/cccSGR20.o
 *fill*         0x000000000000024a        0x2 
 .rodata.str1.4
                0x000000000000024c       0x18 /tmp/cccSGR20.o
 .comment       0x0000000000000264       0x13 /tmp/cccSGR20.o
 .riscv.attributes
                0x0000000000000264       0x1c /tmp/cccSGR20.o
                0x0000000000000280                . = ALIGN (0x4)
                0x0000000000000280                end = .
LOAD /opt/riscv/bin/../lib/gcc/riscv32-unknown-elf/10.2.0/libgcc.a
OUTPUT(main.elf elf32-littleriscv)
