
Memory Configuration

Name             Origin             Length             Attributes
*default*        0x0000000000000000 0xffffffffffffffff

Linker script and memory map

LOAD /tmp/ccWVTF8J.o
LOAD /tmp/ccQNYeRp.o
LOAD /tmp/cc7m2zCV.o
LOAD /tmp/cc7Z5ndk.o

.memory         0x0000000000000000      0x254
                0x0000000000000000                . = 0x0
 *(.init)
 .init          0x0000000000000000        0x4 /tmp/ccWVTF8J.o
 *(.text)
 .text          0x0000000000000004        0x0 /tmp/ccWVTF8J.o
 .text          0x0000000000000004       0x14 /tmp/ccQNYeRp.o
                0x0000000000000004                wb_read_reg
                0x000000000000000c                wb_write_reg
                0x0000000000000014                wb_wait
 .text          0x0000000000000018      0x11c /tmp/cc7m2zCV.o
                0x0000000000000018                leds_turn_on
                0x000000000000005c                leds_turn_off
                0x000000000000009c                leds_train
 .text          0x0000000000000134       0x70 /tmp/cc7Z5ndk.o
                0x0000000000000134                lcd_write
                0x0000000000000198                lcd_hello
 *(*)
 .data          0x00000000000001a4        0x0 /tmp/ccWVTF8J.o
 .bss           0x00000000000001a4        0x0 /tmp/ccWVTF8J.o
 .text.startup  0x00000000000001a4       0x14 /tmp/ccWVTF8J.o
                0x00000000000001a4                main
 .comment       0x00000000000001b8       0x12 /tmp/ccWVTF8J.o
                                         0x13 (size before relaxing)
 .riscv.attributes
                0x00000000000001ca       0x1c /tmp/ccWVTF8J.o
 .data          0x00000000000001e6        0x0 /tmp/ccQNYeRp.o
 .bss           0x00000000000001e6        0x0 /tmp/ccQNYeRp.o
 .comment       0x00000000000001e6       0x13 /tmp/ccQNYeRp.o
 .riscv.attributes
                0x00000000000001e6       0x1c /tmp/ccQNYeRp.o
 .data          0x0000000000000202        0x0 /tmp/cc7m2zCV.o
 .bss           0x0000000000000202        0x0 /tmp/cc7m2zCV.o
 .comment       0x0000000000000202       0x13 /tmp/cc7m2zCV.o
 .riscv.attributes
                0x0000000000000202       0x1c /tmp/cc7m2zCV.o
 .data          0x000000000000021e        0x0 /tmp/cc7Z5ndk.o
 .bss           0x000000000000021e        0x0 /tmp/cc7Z5ndk.o
 *fill*         0x000000000000021e        0x2 
 .rodata.str1.4
                0x0000000000000220       0x18 /tmp/cc7Z5ndk.o
 .comment       0x0000000000000238       0x13 /tmp/cc7Z5ndk.o
 .riscv.attributes
                0x0000000000000238       0x1c /tmp/cc7Z5ndk.o
                0x0000000000000254                . = ALIGN (0x4)
                0x0000000000000254                end = .
LOAD /opt/riscv/bin/../lib/gcc/riscv32-unknown-elf/10.2.0/libgcc.a
OUTPUT(main.elf elf32-littleriscv)
